# serializer version: 1
# name: test_calendar[calendar.test_charging_schedule-entry]
  EntityRegistryEntrySnapshot({
    'aliases': set({
    }),
    'area_id': None,
    'capabilities': None,
    'config_entry_id': <ANY>,
    'config_subentry_id': <ANY>,
    'device_class': None,
    'device_id': <ANY>,
    'disabled_by': None,
    'domain': 'calendar',
    'entity_category': None,
    'entity_id': 'calendar.test_charging_schedule',
    'has_entity_name': True,
    'hidden_by': None,
    'icon': None,
    'id': <ANY>,
    'labels': set({
    }),
    'name': None,
    'object_id_base': 'Charging schedule',
    'options': dict({
    }),
    'original_device_class': None,
    'original_icon': None,
    'original_name': 'Charging schedule',
    'platform': 'teslemetry',
    'previous_unique_id': None,
    'suggested_object_id': None,
    'supported_features': 0,
    'translation_key': 'charge_schedule_data_charge_schedules',
    'unique_id': 'LRW3F7EK4NC700000-charge_schedule_data_charge_schedules',
    'unit_of_measurement': None,
  })
# ---
# name: test_calendar[calendar.test_charging_schedule-state]
  StateSnapshot({
    'attributes': ReadOnlyDict({
      'all_day': False,
      'description': '-30.222626,-97.6236871',
      'end_time': '2024-01-01 16:00:00',
      'friendly_name': 'Test Charging schedule',
      'location': '-30.222626,-97.6236871',
      'message': 'Charge scheduled for Test',
      'start_time': '2024-01-01 09:00:00',
    }),
    'context': <ANY>,
    'entity_id': 'calendar.test_charging_schedule',
    'last_changed': <ANY>,
    'last_reported': <ANY>,
    'last_updated': <ANY>,
    'state': 'on',
  })
# ---
# name: test_calendar_events[calendar.test_charging_schedule]
  dict({
    'calendar.test_charging_schedule': dict({
      'events': list([
        dict({
          'description': '-30.222626,-97.6236871',
          'end': '2024-01-01T16:00:00-08:00',
          'location': '-30.222626,-97.6236871',
          'start': '2024-01-01T09:00:00-08:00',
          'summary': 'Charge scheduled for Test',
        }),
        dict({
          'description': '-30.222626,-97.6236871',
          'end': '2024-01-02T06:00:00-08:00',
          'location': '-30.222626,-97.6236871',
          'start': '2024-01-02T06:00:00-08:00',
          'summary': 'Charge scheduled for Test',
        }),
        dict({
          'description': '-30.222626,-97.6236871',
          'end': '2024-01-02T16:00:00-08:00',
          'location': '-30.222626,-97.6236871',
          'start': '2024-01-02T09:00:00-08:00',
          'summary': 'Charge scheduled for Test',
        }),
        dict({
          'description': '-30.222626,-97.6236871',
          'end': '2024-01-03T06:00:00-08:00',
          'location': '-30.222626,-97.6236871',
          'start': '2024-01-03T06:00:00-08:00',
          'summary': 'Charge scheduled for Test',
        }),
        dict({
          'description': '-30.222626,-97.6236871',
          'end': '2024-01-03T16:00:00-08:00',
          'location': '-30.222626,-97.6236871',
          'start': '2024-01-03T09:00:00-08:00',
          'summary': 'Charge scheduled for Test',
        }),
        dict({
          'description': '-30.222626,-97.6236871',
          'end': '2024-01-04T06:00:00-08:00',
          'location': '-30.222626,-97.6236871',
          'start': '2024-01-03T22:00:00-08:00',
          'summary': 'Charge scheduled for Test',
        }),
        dict({
          'description': '-30.222626,-97.6236871',
          'end': '2024-01-04T16:00:00-08:00',
          'location': '-30.222626,-97.6236871',
          'start': '2024-01-04T09:00:00-08:00',
          'summary': 'Charge scheduled for Test',
        }),
        dict({
          'description': '-30.222626,-97.6236871',
          'end': '2024-01-05T06:00:00-08:00',
          'location': '-30.222626,-97.6236871',
          'start': '2024-01-04T22:00:00-08:00',
          'summary': 'Charge scheduled for Test',
        }),
        dict({
          'description': '-30.222626,-97.6236871',
          'end': '2024-01-05T16:00:00-08:00',
          'location': '-30.222626,-97.6236871',
          'start': '2024-01-05T09:00:00-08:00',
          'summary': 'Charge scheduled for Test',
        }),
        dict({
          'description': '-30.222626,-97.6236871',
          'end': '2024-01-06T06:00:00-08:00',
          'location': '-30.222626,-97.6236871',
          'start': '2024-01-05T22:00:00-08:00',
          'summary': 'Charge scheduled for Test',
        }),
        dict({
          'description': '-30.222626,-97.6236871',
          'end': '2024-01-06T16:00:00-08:00',
          'location': '-30.222626,-97.6236871',
          'start': '2024-01-06T09:00:00-08:00',
          'summary': 'Charge scheduled for Test',
        }),
      ]),
    }),
  })
# ---
